<html>
<body>
<pre>
<h1>µVision Build Log</h1>
<h2>Tool Versions:</h2>
IDE-Version: ÂµVision V5.32.0.0
Copyright (C) 2020 ARM Ltd and ARM Germany GmbH. All rights reserved.
License Information: chen Luke, 11, LIC=DSNXV-P1INF-WKAB8-3ZE7E-LQ26S-H20Y4
 
Tool Versions:
Toolchain:       MDK-ARM Professional  Version: 5.32.0.0
Toolchain Path:  D:\software\Keil_v5\ARM\ARMCC\Bin
C Compiler:      Armcc.exe V5.06 update 7 (build 960)
Assembler:       Armasm.exe V5.06 update 7 (build 960)
Linker/Locator:  ArmLink.exe V5.06 update 7 (build 960)
Library Manager: ArmAr.exe V5.06 update 7 (build 960)
Hex Converter:   FromElf.exe V5.06 update 7 (build 960)
CPU DLL:         SARMCM3.DLL V5.32.0.0
Dialog DLL:      DCM.DLL V1.17.3.0
Target DLL:      STLink\ST-LINKIII-KEIL_SWO.dll V3.0.8.0
Dialog DLL:      TCM.DLL V1.46.0.0
 
<h2>Project:</h2>
E:\test\DshanMCU-F103\my_02_nwatch_game_freertos\02_nwatch_game_freertos\MDK-ARM\01_freertos_template.uvprojx
Project File Date:  02/16/2026

<h2>Output:</h2>
*** Using Compiler 'V5.06 update 7 (build 960)', folder: 'D:\software\Keil_v5\ARM\ARMCC\Bin'
Build target '01_freertos_template'
compiling game1.c...
..\nwatch\game1.c(85): warning:  #177-D: variable "dev"  was declared but never referenced
      uint8_t dev, data, last_data;
..\nwatch\game1.c(85): warning:  #177-D: variable "data"  was declared but never referenced
      uint8_t dev, data, last_data;
..\nwatch\game1.c(85): warning:  #177-D: variable "last_data"  was declared but never referenced
      uint8_t dev, data, last_data;
..\nwatch\game1.c(201): warning:  #223-D: function "memset" declared implicitly
      memset(blocks, 0, BLOCK_COUNT);
..\nwatch\game1.c(177): warning:  #177-D: variable "dev"  was declared but never referenced
      uint8_t dev, data, last_data;
..\nwatch\game1.c(177): warning:  #177-D: variable "data"  was declared but never referenced
      uint8_t dev, data, last_data;
..\nwatch\game1.c(177): warning:  #177-D: variable "last_data"  was declared but never referenced
      uint8_t dev, data, last_data;
..\nwatch\game1.c(250): warning:  #177-D: variable "platformXtmp"  was declared but never referenced
  	byte platformXtmp = platformX;
..\nwatch\game1.c(217): warning:  #177-D: function "btnExit"  was declared but never referenced
  static bool btnExit()
..\nwatch\game1.c(234): warning:  #177-D: function "btnRight"  was declared but never referenced
  static bool btnRight()
..\nwatch\game1.c(240): warning:  #177-D: function "btnLeft"  was declared but never referenced
  static bool btnLeft()
..\nwatch\game1.c(73): warning:  #550-D: variable "g_framebuffer"  was set but never used
  static uint8_t *g_framebuffer;
..\nwatch\game1.c: 12 warnings, 0 errors
compiling driver_rotary_encoder.c...
compiling driver_ir_receiver.c...
..\Drivers\DshanMCU-F103\driver_ir_receiver.c(77): warning:  #177-D: function "PutKeyToBuf"  was declared but never referenced
  static void PutKeyToBuf(unsigned char key)
..\Drivers\DshanMCU-F103\driver_ir_receiver.c: 1 warning, 0 errors
linking...
Program Size: Code=22008 RO-data=2880 RW-data=4260 ZI-data=11100  
FromELF: creating hex file...
"01_freertos_template\01_freertos_template.axf" - 0 Error(s), 13 Warning(s).

<h2>Software Packages used:</h2>

Package Vendor: ARM
                http://www.keil.com/pack/ARM.CMSIS.5.7.0.pack
                ARM.CMSIS.5.7.0
                CMSIS (Cortex Microcontroller Software Interface Standard)
   * Component: CORE Version: 5.4.0

Package Vendor: Keil
                http://www.keil.com/pack/Keil.STM32F1xx_DFP.2.3.0.pack
                Keil.STM32F1xx_DFP.2.3.0
                STMicroelectronics STM32F1 Series Device Support, Drivers and Examples

<h2>Collection of Component include folders:</h2>
  .\RTE\_01_freertos_template
  D:\software\Keil_v5\Packs\ARM\CMSIS\5.7.0\CMSIS\Core\Include
  D:\software\Keil_v5\Packs\Keil\STM32F1xx_DFP\2.3.0\Device\Include

<h2>Collection of Component Files used:</h2>

   * Component: ARM::CMSIS:CORE:5.4.0
      Include file:  CMSIS\Core\Include\tz_context.h
Build Time Elapsed:  00:00:02
</pre>
</body>
</html>
